------------------------------------------------------------
TimeQuest Timing Analyzer Summary
------------------------------------------------------------

Type  : Slow 1200mV 85C Model Setup 'pll0|altpll_0|sd1|pll7|clk[0]'
Slack : -6.132
TNS   : -69.341

Type  : Slow 1200mV 85C Model Setup 'AUD_BCLK'
Slack : -2.863
TNS   : -85.076

Type  : Slow 1200mV 85C Model Setup 'pll0|altpll_0|sd1|pll7|clk[1]'
Slack : 79.323
TNS   : 0.000

Type  : Slow 1200mV 85C Model Hold 'pll0|altpll_0|sd1|pll7|clk[0]'
Slack : 0.403
TNS   : 0.000

Type  : Slow 1200mV 85C Model Hold 'pll0|altpll_0|sd1|pll7|clk[1]'
Slack : 0.403
TNS   : 0.000

Type  : Slow 1200mV 85C Model Hold 'AUD_BCLK'
Slack : 0.440
TNS   : 0.000

Type  : Slow 1200mV 85C Model Minimum Pulse Width 'CLOCK_50'
Slack : 9.819
TNS   : 0.000

Type  : Slow 1200mV 85C Model Minimum Pulse Width 'CLOCK2_50'
Slack : 16.000
TNS   : 0.000

Type  : Slow 1200mV 85C Model Minimum Pulse Width 'CLOCK3_50'
Slack : 16.000
TNS   : 0.000

Type  : Slow 1200mV 85C Model Minimum Pulse Width 'AUD_BCLK'
Slack : 41.134
TNS   : 0.000

Type  : Slow 1200mV 85C Model Minimum Pulse Width 'pll0|altpll_0|sd1|pll7|clk[0]'
Slack : 41.361
TNS   : 0.000

Type  : Slow 1200mV 85C Model Minimum Pulse Width 'pll0|altpll_0|sd1|pll7|clk[1]'
Slack : 4999.710
TNS   : 0.000

Type  : Slow 1200mV 0C Model Setup 'pll0|altpll_0|sd1|pll7|clk[0]'
Slack : -5.521
TNS   : -62.621

Type  : Slow 1200mV 0C Model Setup 'AUD_BCLK'
Slack : -2.741
TNS   : -81.475

Type  : Slow 1200mV 0C Model Setup 'pll0|altpll_0|sd1|pll7|clk[1]'
Slack : 79.609
TNS   : 0.000

Type  : Slow 1200mV 0C Model Hold 'pll0|altpll_0|sd1|pll7|clk[0]'
Slack : 0.355
TNS   : 0.000

Type  : Slow 1200mV 0C Model Hold 'pll0|altpll_0|sd1|pll7|clk[1]'
Slack : 0.355
TNS   : 0.000

Type  : Slow 1200mV 0C Model Hold 'AUD_BCLK'
Slack : 0.387
TNS   : 0.000

Type  : Slow 1200mV 0C Model Minimum Pulse Width 'CLOCK_50'
Slack : 9.799
TNS   : 0.000

Type  : Slow 1200mV 0C Model Minimum Pulse Width 'CLOCK2_50'
Slack : 16.000
TNS   : 0.000

Type  : Slow 1200mV 0C Model Minimum Pulse Width 'CLOCK3_50'
Slack : 16.000
TNS   : 0.000

Type  : Slow 1200mV 0C Model Minimum Pulse Width 'AUD_BCLK'
Slack : 41.216
TNS   : 0.000

Type  : Slow 1200mV 0C Model Minimum Pulse Width 'pll0|altpll_0|sd1|pll7|clk[0]'
Slack : 41.351
TNS   : 0.000

Type  : Slow 1200mV 0C Model Minimum Pulse Width 'pll0|altpll_0|sd1|pll7|clk[1]'
Slack : 4999.711
TNS   : 0.000

Type  : Fast 1200mV 0C Model Setup 'pll0|altpll_0|sd1|pll7|clk[0]'
Slack : -3.124
TNS   : -35.976

Type  : Fast 1200mV 0C Model Setup 'AUD_BCLK'
Slack : -1.662
TNS   : -48.263

Type  : Fast 1200mV 0C Model Setup 'pll0|altpll_0|sd1|pll7|clk[1]'
Slack : 81.232
TNS   : 0.000

Type  : Fast 1200mV 0C Model Hold 'pll0|altpll_0|sd1|pll7|clk[0]'
Slack : 0.182
TNS   : 0.000

Type  : Fast 1200mV 0C Model Hold 'pll0|altpll_0|sd1|pll7|clk[1]'
Slack : 0.182
TNS   : 0.000

Type  : Fast 1200mV 0C Model Hold 'AUD_BCLK'
Slack : 0.201
TNS   : 0.000

Type  : Fast 1200mV 0C Model Minimum Pulse Width 'CLOCK_50'
Slack : 9.400
TNS   : 0.000

Type  : Fast 1200mV 0C Model Minimum Pulse Width 'CLOCK2_50'
Slack : 16.000
TNS   : 0.000

Type  : Fast 1200mV 0C Model Minimum Pulse Width 'CLOCK3_50'
Slack : 16.000
TNS   : 0.000

Type  : Fast 1200mV 0C Model Minimum Pulse Width 'AUD_BCLK'
Slack : 40.632
TNS   : 0.000

Type  : Fast 1200mV 0C Model Minimum Pulse Width 'pll0|altpll_0|sd1|pll7|clk[0]'
Slack : 41.446
TNS   : 0.000

Type  : Fast 1200mV 0C Model Minimum Pulse Width 'pll0|altpll_0|sd1|pll7|clk[1]'
Slack : 4999.781
TNS   : 0.000

------------------------------------------------------------
